running develop
running egg_info
creating bicycle_sim.egg-info
writing bicycle_sim.egg-info/PKG-INFO
writing dependency_links to bicycle_sim.egg-info/dependency_links.txt
writing entry points to bicycle_sim.egg-info/entry_points.txt
writing requirements to bicycle_sim.egg-info/requires.txt
writing top-level names to bicycle_sim.egg-info/top_level.txt
writing manifest file 'bicycle_sim.egg-info/SOURCES.txt'
reading manifest file 'bicycle_sim.egg-info/SOURCES.txt'
writing manifest file 'bicycle_sim.egg-info/SOURCES.txt'
running build_ext
Creating /home/mizo/Engineering/ARL/Control_Task/Control_Project/install/bicycle_sim/lib/python3.10/site-packages/bicycle-sim.egg-link (link to .)
Installing kinematic_bicycle script to /home/mizo/Engineering/ARL/Control_Task/Control_Project/install/bicycle_sim/lib/bicycle_sim
Installing sim_node script to /home/mizo/Engineering/ARL/Control_Task/Control_Project/install/bicycle_sim/lib/bicycle_sim

Installed /home/mizo/Engineering/ARL/Control_Task/Control_Project/build/bicycle_sim
running symlink_data
creating /home/mizo/Engineering/ARL/Control_Task/Control_Project/install/bicycle_sim/share/ament_index
creating /home/mizo/Engineering/ARL/Control_Task/Control_Project/install/bicycle_sim/share/ament_index/resource_index
creating /home/mizo/Engineering/ARL/Control_Task/Control_Project/install/bicycle_sim/share/ament_index/resource_index/packages
symbolically linking /home/mizo/Engineering/ARL/Control_Task/Control_Project/build/bicycle_sim/resource/bicycle_sim -> /home/mizo/Engineering/ARL/Control_Task/Control_Project/install/bicycle_sim/share/ament_index/resource_index/packages
symbolically linking /home/mizo/Engineering/ARL/Control_Task/Control_Project/build/bicycle_sim/package.xml -> /home/mizo/Engineering/ARL/Control_Task/Control_Project/install/bicycle_sim/share/bicycle_sim
symbolically linking /home/mizo/Engineering/ARL/Control_Task/Control_Project/build/bicycle_sim/launch/bicycle_sim.launch.py -> /home/mizo/Engineering/ARL/Control_Task/Control_Project/install/bicycle_sim/share/bicycle_sim
symbolically linking /home/mizo/Engineering/ARL/Control_Task/Control_Project/build/bicycle_sim/launch/kinematic_bicycle.launch.py -> /home/mizo/Engineering/ARL/Control_Task/Control_Project/install/bicycle_sim/share/bicycle_sim
symbolically linking /home/mizo/Engineering/ARL/Control_Task/Control_Project/build/bicycle_sim/launch/bicycle.rviz -> /home/mizo/Engineering/ARL/Control_Task/Control_Project/install/bicycle_sim/share/bicycle_sim
creating /home/mizo/Engineering/ARL/Control_Task/Control_Project/install/bicycle_sim/share/bicycle_sim/urdf
symbolically linking /home/mizo/Engineering/ARL/Control_Task/Control_Project/build/bicycle_sim/urdf/racecar.xacro -> /home/mizo/Engineering/ARL/Control_Task/Control_Project/install/bicycle_sim/share/bicycle_sim/urdf
symbolically linking /home/mizo/Engineering/ARL/Control_Task/Control_Project/build/bicycle_sim/urdf/racecar.urdf -> /home/mizo/Engineering/ARL/Control_Task/Control_Project/install/bicycle_sim/share/bicycle_sim/urdf
