[0.095s] DEBUG:colcon:Command line arguments: ['/usr/bin/colcon', 'build', '--symlink-install']
[0.095s] DEBUG:colcon:Parsed command line arguments: Namespace(log_base=None, log_level=None, verb_name='build', build_base='build', install_base='install', merge_install=False, symlink_install=True, test_result_base=None, continue_on_error=False, executor='parallel', parallel_workers=12, event_handlers=None, ignore_user_meta=False, metas=['./colcon.meta'], base_paths=['.'], packages_ignore=None, packages_ignore_regex=None, paths=None, packages_up_to=None, packages_up_to_regex=None, packages_above=None, packages_above_and_dependencies=None, packages_above_depth=None, packages_select_by_dep=None, packages_skip_by_dep=None, packages_skip_up_to=None, packages_select_build_failed=False, packages_skip_build_finished=False, packages_select_test_failures=False, packages_skip_test_passed=False, packages_select=None, packages_skip=None, packages_select_regex=None, packages_skip_regex=None, packages_start=None, packages_end=None, allow_overriding=[], cmake_args=None, cmake_target=None, cmake_target_skip_unavailable=False, cmake_clean_cache=False, cmake_clean_first=False, cmake_force_configure=False, ament_cmake_args=None, catkin_cmake_args=None, catkin_skip_building_tests=False, verb_parser=<colcon_defaults.argument_parser.defaults.DefaultArgumentsDecorator object at 0x7ec5f3e15600>, verb_extension=<colcon_core.verb.build.BuildVerb object at 0x7ec5f3f56cb0>, main=<bound method BuildVerb.main of <colcon_core.verb.build.BuildVerb object at 0x7ec5f3f56cb0>>)
[0.202s] Level 1:colcon.colcon_core.package_discovery:discover_packages(colcon_meta) check parameters
[0.202s] Level 1:colcon.colcon_core.package_discovery:discover_packages(recursive) check parameters
[0.202s] Level 1:colcon.colcon_core.package_discovery:discover_packages(ignore) check parameters
[0.202s] Level 1:colcon.colcon_core.package_discovery:discover_packages(path) check parameters
[0.202s] Level 1:colcon.colcon_core.package_discovery:discover_packages(colcon_meta) discover
[0.202s] Level 1:colcon.colcon_core.package_discovery:discover_packages(recursive) discover
[0.202s] INFO:colcon.colcon_core.package_discovery:Crawling recursively for packages in '/home/mizo/Engineering/ARL/Control_Task/Control_Project'
[0.202s] Level 1:colcon.colcon_core.package_identification:_identify(.) by extensions ['ignore', 'ignore_ament_install']
[0.203s] Level 1:colcon.colcon_core.package_identification:_identify(.) by extension 'ignore'
[0.203s] Level 1:colcon.colcon_core.package_identification:_identify(.) by extension 'ignore_ament_install'
[0.203s] Level 1:colcon.colcon_core.package_identification:_identify(.) by extensions ['colcon_pkg']
[0.203s] Level 1:colcon.colcon_core.package_identification:_identify(.) by extension 'colcon_pkg'
[0.203s] Level 1:colcon.colcon_core.package_identification:_identify(.) by extensions ['colcon_meta']
[0.203s] Level 1:colcon.colcon_core.package_identification:_identify(.) by extension 'colcon_meta'
[0.203s] Level 1:colcon.colcon_core.package_identification:_identify(.) by extensions ['ros']
[0.203s] Level 1:colcon.colcon_core.package_identification:_identify(.) by extension 'ros'
[0.216s] Level 1:colcon.colcon_core.package_identification:_identify(.) by extensions ['cmake', 'python']
[0.217s] Level 1:colcon.colcon_core.package_identification:_identify(.) by extension 'cmake'
[0.217s] Level 1:colcon.colcon_core.package_identification:_identify(.) by extension 'python'
[0.217s] Level 1:colcon.colcon_core.package_identification:_identify(.) by extensions ['python_setup_py']
[0.217s] Level 1:colcon.colcon_core.package_identification:_identify(.) by extension 'python_setup_py'
[0.217s] Level 1:colcon.colcon_core.package_identification:_identify(assets) by extensions ['ignore', 'ignore_ament_install']
[0.217s] Level 1:colcon.colcon_core.package_identification:_identify(assets) by extension 'ignore'
[0.217s] Level 1:colcon.colcon_core.package_identification:_identify(assets) by extension 'ignore_ament_install'
[0.217s] Level 1:colcon.colcon_core.package_identification:_identify(assets) by extensions ['colcon_pkg']
[0.217s] Level 1:colcon.colcon_core.package_identification:_identify(assets) by extension 'colcon_pkg'
[0.217s] Level 1:colcon.colcon_core.package_identification:_identify(assets) by extensions ['colcon_meta']
[0.217s] Level 1:colcon.colcon_core.package_identification:_identify(assets) by extension 'colcon_meta'
[0.217s] Level 1:colcon.colcon_core.package_identification:_identify(assets) by extensions ['ros']
[0.217s] Level 1:colcon.colcon_core.package_identification:_identify(assets) by extension 'ros'
[0.218s] Level 1:colcon.colcon_core.package_identification:_identify(assets) by extensions ['cmake', 'python']
[0.218s] Level 1:colcon.colcon_core.package_identification:_identify(assets) by extension 'cmake'
[0.218s] Level 1:colcon.colcon_core.package_identification:_identify(assets) by extension 'python'
[0.218s] Level 1:colcon.colcon_core.package_identification:_identify(assets) by extensions ['python_setup_py']
[0.218s] Level 1:colcon.colcon_core.package_identification:_identify(assets) by extension 'python_setup_py'
[0.218s] Level 1:colcon.colcon_core.package_identification:_identify(bicycle_control) by extensions ['ignore', 'ignore_ament_install']
[0.218s] Level 1:colcon.colcon_core.package_identification:_identify(bicycle_control) by extension 'ignore'
[0.218s] Level 1:colcon.colcon_core.package_identification:_identify(bicycle_control) by extension 'ignore_ament_install'
[0.218s] Level 1:colcon.colcon_core.package_identification:_identify(bicycle_control) by extensions ['colcon_pkg']
[0.218s] Level 1:colcon.colcon_core.package_identification:_identify(bicycle_control) by extension 'colcon_pkg'
[0.218s] Level 1:colcon.colcon_core.package_identification:_identify(bicycle_control) by extensions ['colcon_meta']
[0.218s] Level 1:colcon.colcon_core.package_identification:_identify(bicycle_control) by extension 'colcon_meta'
[0.218s] Level 1:colcon.colcon_core.package_identification:_identify(bicycle_control) by extensions ['ros']
[0.218s] Level 1:colcon.colcon_core.package_identification:_identify(bicycle_control) by extension 'ros'
[0.222s] DEBUG:colcon.colcon_core.package_identification:Package 'bicycle_control' with type 'ros.ament_python' and name 'bicycle_control'
[0.222s] Level 1:colcon.colcon_core.package_identification:_identify(bicycle_sim) by extensions ['ignore', 'ignore_ament_install']
[0.222s] Level 1:colcon.colcon_core.package_identification:_identify(bicycle_sim) by extension 'ignore'
[0.222s] Level 1:colcon.colcon_core.package_identification:_identify(bicycle_sim) by extension 'ignore_ament_install'
[0.222s] Level 1:colcon.colcon_core.package_identification:_identify(bicycle_sim) by extensions ['colcon_pkg']
[0.222s] Level 1:colcon.colcon_core.package_identification:_identify(bicycle_sim) by extension 'colcon_pkg'
[0.222s] Level 1:colcon.colcon_core.package_identification:_identify(bicycle_sim) by extensions ['colcon_meta']
[0.222s] Level 1:colcon.colcon_core.package_identification:_identify(bicycle_sim) by extension 'colcon_meta'
[0.223s] Level 1:colcon.colcon_core.package_identification:_identify(bicycle_sim) by extensions ['ros']
[0.223s] Level 1:colcon.colcon_core.package_identification:_identify(bicycle_sim) by extension 'ros'
[0.224s] DEBUG:colcon.colcon_core.package_identification:Package 'bicycle_sim' with type 'ros.ament_python' and name 'bicycle_sim'
[0.224s] Level 1:colcon.colcon_core.package_identification:_identify(build) by extensions ['ignore', 'ignore_ament_install']
[0.224s] Level 1:colcon.colcon_core.package_identification:_identify(build) by extension 'ignore'
[0.224s] Level 1:colcon.colcon_core.package_identification:_identify(build) ignored
[0.224s] Level 1:colcon.colcon_core.package_identification:_identify(install) by extensions ['ignore', 'ignore_ament_install']
[0.224s] Level 1:colcon.colcon_core.package_identification:_identify(install) by extension 'ignore'
[0.224s] Level 1:colcon.colcon_core.package_identification:_identify(install) ignored
[0.224s] Level 1:colcon.colcon_core.package_identification:_identify(log) by extensions ['ignore', 'ignore_ament_install']
[0.225s] Level 1:colcon.colcon_core.package_identification:_identify(log) by extension 'ignore'
[0.225s] Level 1:colcon.colcon_core.package_identification:_identify(log) ignored
[0.225s] Level 1:colcon.colcon_core.package_identification:_identify(track_environment) by extensions ['ignore', 'ignore_ament_install']
[0.225s] Level 1:colcon.colcon_core.package_identification:_identify(track_environment) by extension 'ignore'
[0.225s] Level 1:colcon.colcon_core.package_identification:_identify(track_environment) by extension 'ignore_ament_install'
[0.225s] Level 1:colcon.colcon_core.package_identification:_identify(track_environment) by extensions ['colcon_pkg']
[0.225s] Level 1:colcon.colcon_core.package_identification:_identify(track_environment) by extension 'colcon_pkg'
[0.225s] Level 1:colcon.colcon_core.package_identification:_identify(track_environment) by extensions ['colcon_meta']
[0.225s] Level 1:colcon.colcon_core.package_identification:_identify(track_environment) by extension 'colcon_meta'
[0.225s] Level 1:colcon.colcon_core.package_identification:_identify(track_environment) by extensions ['ros']
[0.225s] Level 1:colcon.colcon_core.package_identification:_identify(track_environment) by extension 'ros'
[0.226s] DEBUG:colcon.colcon_core.package_identification:Package 'track_environment' with type 'ros.ament_python' and name 'track_environment'
[0.227s] Level 1:colcon.colcon_core.package_discovery:discover_packages(recursive) using defaults
[0.227s] Level 1:colcon.colcon_core.package_discovery:discover_packages(ignore) discover
[0.227s] Level 1:colcon.colcon_core.package_discovery:discover_packages(ignore) using defaults
[0.227s] Level 1:colcon.colcon_core.package_discovery:discover_packages(path) discover
[0.227s] Level 1:colcon.colcon_core.package_discovery:discover_packages(path) using defaults
[0.256s] Level 1:colcon.colcon_core.package_discovery:discover_packages(prefix_path) check parameters
[0.256s] Level 1:colcon.colcon_core.package_discovery:discover_packages(prefix_path) discover
[0.259s] DEBUG:colcon.colcon_installed_package_information.package_discovery:Found 3 installed packages in /home/mizo/Engineering/ARL/Control_Task/Control_Project/install
[0.259s] DEBUG:colcon.colcon_installed_package_information.package_discovery:Found 1 installed packages in /home/mizo/ROS2_Challenge/install
[0.261s] DEBUG:colcon.colcon_installed_package_information.package_discovery:Found 274 installed packages in /opt/ros/humble
[0.271s] Level 1:colcon.colcon_core.package_discovery:discover_packages(prefix_path) using defaults
[0.302s] Level 5:colcon.colcon_core.verb:set package 'bicycle_control' build argument 'cmake_args' from command line to 'None'
[0.302s] Level 5:colcon.colcon_core.verb:set package 'bicycle_control' build argument 'cmake_target' from command line to 'None'
[0.302s] Level 5:colcon.colcon_core.verb:set package 'bicycle_control' build argument 'cmake_target_skip_unavailable' from command line to 'False'
[0.302s] Level 5:colcon.colcon_core.verb:set package 'bicycle_control' build argument 'cmake_clean_cache' from command line to 'False'
[0.302s] Level 5:colcon.colcon_core.verb:set package 'bicycle_control' build argument 'cmake_clean_first' from command line to 'False'
[0.302s] Level 5:colcon.colcon_core.verb:set package 'bicycle_control' build argument 'cmake_force_configure' from command line to 'False'
[0.302s] Level 5:colcon.colcon_core.verb:set package 'bicycle_control' build argument 'ament_cmake_args' from command line to 'None'
[0.302s] Level 5:colcon.colcon_core.verb:set package 'bicycle_control' build argument 'catkin_cmake_args' from command line to 'None'
[0.302s] Level 5:colcon.colcon_core.verb:set package 'bicycle_control' build argument 'catkin_skip_building_tests' from command line to 'False'
[0.302s] DEBUG:colcon.colcon_core.verb:Building package 'bicycle_control' with the following arguments: {'ament_cmake_args': None, 'build_base': '/home/mizo/Engineering/ARL/Control_Task/Control_Project/build/bicycle_control', 'catkin_cmake_args': None, 'catkin_skip_building_tests': False, 'cmake_args': None, 'cmake_clean_cache': False, 'cmake_clean_first': False, 'cmake_force_configure': False, 'cmake_target': None, 'cmake_target_skip_unavailable': False, 'install_base': '/home/mizo/Engineering/ARL/Control_Task/Control_Project/install/bicycle_control', 'merge_install': False, 'path': '/home/mizo/Engineering/ARL/Control_Task/Control_Project/bicycle_control', 'symlink_install': True, 'test_result_base': None}
[0.303s] Level 5:colcon.colcon_core.verb:set package 'track_environment' build argument 'cmake_args' from command line to 'None'
[0.303s] Level 5:colcon.colcon_core.verb:set package 'track_environment' build argument 'cmake_target' from command line to 'None'
[0.303s] Level 5:colcon.colcon_core.verb:set package 'track_environment' build argument 'cmake_target_skip_unavailable' from command line to 'False'
[0.303s] Level 5:colcon.colcon_core.verb:set package 'track_environment' build argument 'cmake_clean_cache' from command line to 'False'
[0.303s] Level 5:colcon.colcon_core.verb:set package 'track_environment' build argument 'cmake_clean_first' from command line to 'False'
[0.303s] Level 5:colcon.colcon_core.verb:set package 'track_environment' build argument 'cmake_force_configure' from command line to 'False'
[0.303s] Level 5:colcon.colcon_core.verb:set package 'track_environment' build argument 'ament_cmake_args' from command line to 'None'
[0.303s] Level 5:colcon.colcon_core.verb:set package 'track_environment' build argument 'catkin_cmake_args' from command line to 'None'
[0.303s] Level 5:colcon.colcon_core.verb:set package 'track_environment' build argument 'catkin_skip_building_tests' from command line to 'False'
[0.303s] DEBUG:colcon.colcon_core.verb:Building package 'track_environment' with the following arguments: {'ament_cmake_args': None, 'build_base': '/home/mizo/Engineering/ARL/Control_Task/Control_Project/build/track_environment', 'catkin_cmake_args': None, 'catkin_skip_building_tests': False, 'cmake_args': None, 'cmake_clean_cache': False, 'cmake_clean_first': False, 'cmake_force_configure': False, 'cmake_target': None, 'cmake_target_skip_unavailable': False, 'install_base': '/home/mizo/Engineering/ARL/Control_Task/Control_Project/install/track_environment', 'merge_install': False, 'path': '/home/mizo/Engineering/ARL/Control_Task/Control_Project/track_environment', 'symlink_install': True, 'test_result_base': None}
[0.303s] Level 5:colcon.colcon_core.verb:set package 'bicycle_sim' build argument 'cmake_args' from command line to 'None'
[0.303s] Level 5:colcon.colcon_core.verb:set package 'bicycle_sim' build argument 'cmake_target' from command line to 'None'
[0.303s] Level 5:colcon.colcon_core.verb:set package 'bicycle_sim' build argument 'cmake_target_skip_unavailable' from command line to 'False'
[0.303s] Level 5:colcon.colcon_core.verb:set package 'bicycle_sim' build argument 'cmake_clean_cache' from command line to 'False'
[0.303s] Level 5:colcon.colcon_core.verb:set package 'bicycle_sim' build argument 'cmake_clean_first' from command line to 'False'
[0.303s] Level 5:colcon.colcon_core.verb:set package 'bicycle_sim' build argument 'cmake_force_configure' from command line to 'False'
[0.303s] Level 5:colcon.colcon_core.verb:set package 'bicycle_sim' build argument 'ament_cmake_args' from command line to 'None'
[0.303s] Level 5:colcon.colcon_core.verb:set package 'bicycle_sim' build argument 'catkin_cmake_args' from command line to 'None'
[0.303s] Level 5:colcon.colcon_core.verb:set package 'bicycle_sim' build argument 'catkin_skip_building_tests' from command line to 'False'
[0.303s] DEBUG:colcon.colcon_core.verb:Building package 'bicycle_sim' with the following arguments: {'ament_cmake_args': None, 'build_base': '/home/mizo/Engineering/ARL/Control_Task/Control_Project/build/bicycle_sim', 'catkin_cmake_args': None, 'catkin_skip_building_tests': False, 'cmake_args': None, 'cmake_clean_cache': False, 'cmake_clean_first': False, 'cmake_force_configure': False, 'cmake_target': None, 'cmake_target_skip_unavailable': False, 'install_base': '/home/mizo/Engineering/ARL/Control_Task/Control_Project/install/bicycle_sim', 'merge_install': False, 'path': '/home/mizo/Engineering/ARL/Control_Task/Control_Project/bicycle_sim', 'symlink_install': True, 'test_result_base': None}
[0.303s] INFO:colcon.colcon_core.executor:Executing jobs using 'parallel' executor
[0.304s] DEBUG:colcon.colcon_parallel_executor.executor.parallel:run_until_complete
[0.304s] INFO:colcon.colcon_ros.task.ament_python.build:Building ROS package in '/home/mizo/Engineering/ARL/Control_Task/Control_Project/track_environment' with build type 'ament_python'
[0.304s] Level 1:colcon.colcon_core.shell:create_environment_hook('track_environment', 'ament_prefix_path')
[0.306s] INFO:colcon.colcon_core.plugin_system:Skipping extension 'colcon_core.shell.bat': Not used on non-Windows systems
[0.307s] INFO:colcon.colcon_core.shell:Creating environment hook '/home/mizo/Engineering/ARL/Control_Task/Control_Project/install/track_environment/share/track_environment/hook/ament_prefix_path.ps1'
[0.307s] INFO:colcon.colcon_core.shell:Creating environment descriptor '/home/mizo/Engineering/ARL/Control_Task/Control_Project/install/track_environment/share/track_environment/hook/ament_prefix_path.dsv'
[0.307s] INFO:colcon.colcon_core.shell:Creating environment hook '/home/mizo/Engineering/ARL/Control_Task/Control_Project/install/track_environment/share/track_environment/hook/ament_prefix_path.sh'
[0.308s] INFO:colcon.colcon_core.shell:Skip shell extension 'powershell' for command environment: Not usable outside of PowerShell
[0.308s] DEBUG:colcon.colcon_core.shell:Skip shell extension 'dsv' for command environment
[0.310s] INFO:colcon.colcon_ros.task.ament_python.build:Building ROS package in '/home/mizo/Engineering/ARL/Control_Task/Control_Project/bicycle_control' with build type 'ament_python'
[0.310s] Level 1:colcon.colcon_core.shell:create_environment_hook('bicycle_control', 'ament_prefix_path')
[0.310s] INFO:colcon.colcon_core.shell:Creating environment hook '/home/mizo/Engineering/ARL/Control_Task/Control_Project/install/bicycle_control/share/bicycle_control/hook/ament_prefix_path.ps1'
[0.311s] INFO:colcon.colcon_core.shell:Creating environment descriptor '/home/mizo/Engineering/ARL/Control_Task/Control_Project/install/bicycle_control/share/bicycle_control/hook/ament_prefix_path.dsv'
[0.311s] INFO:colcon.colcon_core.shell:Creating environment hook '/home/mizo/Engineering/ARL/Control_Task/Control_Project/install/bicycle_control/share/bicycle_control/hook/ament_prefix_path.sh'
[0.311s] INFO:colcon.colcon_core.shell:Skip shell extension 'powershell' for command environment: Not usable outside of PowerShell
[0.311s] DEBUG:colcon.colcon_core.shell:Skip shell extension 'dsv' for command environment
[0.460s] INFO:colcon.colcon_core.task.python.build:Building Python package in '/home/mizo/Engineering/ARL/Control_Task/Control_Project/track_environment'
[0.460s] INFO:colcon.colcon_core.shell:Skip shell extension 'powershell' for command environment: Not usable outside of PowerShell
[0.460s] DEBUG:colcon.colcon_core.shell:Skip shell extension 'dsv' for command environment
[0.620s] INFO:colcon.colcon_core.task.python.build:Building Python package in '/home/mizo/Engineering/ARL/Control_Task/Control_Project/bicycle_control'
[0.620s] INFO:colcon.colcon_core.shell:Skip shell extension 'powershell' for command environment: Not usable outside of PowerShell
[0.620s] DEBUG:colcon.colcon_core.shell:Skip shell extension 'dsv' for command environment
[0.834s] DEBUG:colcon.colcon_core.task.python.build:Available setuptools commands: install, check, bdist, build, alias, bdist_rpm, install_headers, build_clib, register, install_data, bdist_dumb, saveopts, build_scripts, upload, build_py, symlink_data, rotate, easy_install, bdist_egg, setopt, clean, upload_docs, test, dist_info, develop, egg_info, install_scripts, install_egg_info, sdist, build_ext, install_lib
[0.834s] DEBUG:colcon.colcon_core.task.python.build:Available setuptools commands: install, check, bdist, build, alias, bdist_rpm, install_headers, build_clib, register, install_data, bdist_dumb, saveopts, build_scripts, upload, build_py, symlink_data, rotate, easy_install, bdist_egg, setopt, clean, upload_docs, test, dist_info, develop, egg_info, install_scripts, install_egg_info, sdist, build_ext, install_lib
[1.017s] DEBUG:colcon.colcon_core.task.python.build:Available setuptools 'develop' options: --help, --allow-hosts, --force-installation-into-system-dir, --version, --dry-run, --no-user-cfg, --quiet, --optimize, --script-dir, --no-find-links, --exclude-scripts, --uninstall, --always-copy, --site-dirs, --editable, --no-deps, --egg-path, --record, --local-snapshots-ok, --always-unzip, --multi-version, --install-layout, --find-links, --install-dir, --user, --upgrade, --prefix, --verbose, --build-directory, --index-url, --zip-ok
[1.018s] DEBUG:colcon.colcon_core.event_handler.log_command:Invoking command in '/home/mizo/Engineering/ARL/Control_Task/Control_Project/build/track_environment': PYTHONPATH=/home/mizo/Engineering/ARL/Control_Task/Control_Project/build/track_environment/prefix_override:/usr/lib/python3/dist-packages/colcon_core/task/python/colcon_distutils_commands:/home/mizo/Engineering/ARL/Control_Task/Control_Project/install/track_environment/lib/python3.10/site-packages:${PYTHONPATH} /usr/bin/python3 -W ignore:setup.py install is deprecated -W ignore:easy_install command is deprecated setup.py develop --editable --build-directory /home/mizo/Engineering/ARL/Control_Task/Control_Project/build/track_environment/build --no-deps symlink_data
[1.039s] DEBUG:colcon.colcon_core.task.python.build:Available setuptools 'develop' options: --help, --allow-hosts, --force-installation-into-system-dir, --version, --dry-run, --no-user-cfg, --quiet, --optimize, --script-dir, --no-find-links, --exclude-scripts, --uninstall, --always-copy, --site-dirs, --editable, --no-deps, --egg-path, --record, --local-snapshots-ok, --always-unzip, --multi-version, --install-layout, --find-links, --install-dir, --user, --upgrade, --prefix, --verbose, --build-directory, --index-url, --zip-ok
[1.041s] DEBUG:colcon.colcon_core.event_handler.log_command:Invoking command in '/home/mizo/Engineering/ARL/Control_Task/Control_Project/build/bicycle_control': PYTHONPATH=/home/mizo/Engineering/ARL/Control_Task/Control_Project/build/bicycle_control/prefix_override:/usr/lib/python3/dist-packages/colcon_core/task/python/colcon_distutils_commands:/home/mizo/Engineering/ARL/Control_Task/Control_Project/install/bicycle_control/lib/python3.10/site-packages:${PYTHONPATH} /usr/bin/python3 -W ignore:setup.py install is deprecated -W ignore:easy_install command is deprecated setup.py develop --editable --build-directory /home/mizo/Engineering/ARL/Control_Task/Control_Project/build/bicycle_control/build --no-deps symlink_data
[1.319s] Level 1:colcon.colcon_core.shell:create_environment_hook('track_environment', 'pythonpath_develop')
[1.319s] INFO:colcon.colcon_core.shell:Creating environment hook '/home/mizo/Engineering/ARL/Control_Task/Control_Project/build/track_environment/share/track_environment/hook/pythonpath_develop.ps1'
[1.320s] DEBUG:colcon.colcon_core.event_handler.log_command:Invoked command in '/home/mizo/Engineering/ARL/Control_Task/Control_Project/build/track_environment' returned '0': PYTHONPATH=/home/mizo/Engineering/ARL/Control_Task/Control_Project/build/track_environment/prefix_override:/usr/lib/python3/dist-packages/colcon_core/task/python/colcon_distutils_commands:/home/mizo/Engineering/ARL/Control_Task/Control_Project/install/track_environment/lib/python3.10/site-packages:${PYTHONPATH} /usr/bin/python3 -W ignore:setup.py install is deprecated -W ignore:easy_install command is deprecated setup.py develop --editable --build-directory /home/mizo/Engineering/ARL/Control_Task/Control_Project/build/track_environment/build --no-deps symlink_data
[1.320s] INFO:colcon.colcon_core.shell:Creating environment descriptor '/home/mizo/Engineering/ARL/Control_Task/Control_Project/build/track_environment/share/track_environment/hook/pythonpath_develop.dsv'
[1.321s] INFO:colcon.colcon_core.shell:Creating environment hook '/home/mizo/Engineering/ARL/Control_Task/Control_Project/build/track_environment/share/track_environment/hook/pythonpath_develop.sh'
[1.324s] Level 1:colcon.colcon_core.environment:checking '/home/mizo/Engineering/ARL/Control_Task/Control_Project/install/track_environment' for CMake module files
[1.324s] Level 1:colcon.colcon_core.environment:checking '/home/mizo/Engineering/ARL/Control_Task/Control_Project/install/track_environment' for CMake config files
[1.325s] Level 1:colcon.colcon_core.environment:checking '/home/mizo/Engineering/ARL/Control_Task/Control_Project/install/track_environment/lib'
[1.325s] Level 1:colcon.colcon_core.environment:checking '/home/mizo/Engineering/ARL/Control_Task/Control_Project/install/track_environment/bin'
[1.325s] Level 1:colcon.colcon_core.environment:checking '/home/mizo/Engineering/ARL/Control_Task/Control_Project/install/track_environment/lib/pkgconfig/track_environment.pc'
[1.325s] Level 1:colcon.colcon_core.environment:checking '/home/mizo/Engineering/ARL/Control_Task/Control_Project/install/track_environment/lib/python3.10/site-packages'
[1.325s] Level 1:colcon.colcon_core.shell:create_environment_hook('track_environment', 'pythonpath')
[1.325s] INFO:colcon.colcon_core.shell:Creating environment hook '/home/mizo/Engineering/ARL/Control_Task/Control_Project/install/track_environment/share/track_environment/hook/pythonpath.ps1'
[1.325s] INFO:colcon.colcon_core.shell:Creating environment descriptor '/home/mizo/Engineering/ARL/Control_Task/Control_Project/install/track_environment/share/track_environment/hook/pythonpath.dsv'
[1.326s] INFO:colcon.colcon_core.shell:Creating environment hook '/home/mizo/Engineering/ARL/Control_Task/Control_Project/install/track_environment/share/track_environment/hook/pythonpath.sh'
[1.326s] Level 1:colcon.colcon_core.environment:checking '/home/mizo/Engineering/ARL/Control_Task/Control_Project/install/track_environment/bin'
[1.326s] Level 1:colcon.colcon_core.environment:create_environment_scripts_only(track_environment)
[1.326s] INFO:colcon.colcon_core.shell:Creating package script '/home/mizo/Engineering/ARL/Control_Task/Control_Project/install/track_environment/share/track_environment/package.ps1'
[1.327s] INFO:colcon.colcon_core.shell:Creating package descriptor '/home/mizo/Engineering/ARL/Control_Task/Control_Project/install/track_environment/share/track_environment/package.dsv'
[1.327s] INFO:colcon.colcon_core.shell:Creating package script '/home/mizo/Engineering/ARL/Control_Task/Control_Project/install/track_environment/share/track_environment/package.sh'
[1.328s] INFO:colcon.colcon_core.shell:Creating package script '/home/mizo/Engineering/ARL/Control_Task/Control_Project/install/track_environment/share/track_environment/package.bash'
[1.328s] INFO:colcon.colcon_core.shell:Creating package script '/home/mizo/Engineering/ARL/Control_Task/Control_Project/install/track_environment/share/track_environment/package.zsh'
[1.328s] Level 1:colcon.colcon_core.environment:create_file_with_runtime_dependencies(/home/mizo/Engineering/ARL/Control_Task/Control_Project/install/track_environment/share/colcon-core/packages/track_environment)
[1.328s] Level 1:colcon.colcon_core.shell:create_environment_hook('bicycle_control', 'pythonpath_develop')
[1.329s] INFO:colcon.colcon_core.shell:Creating environment hook '/home/mizo/Engineering/ARL/Control_Task/Control_Project/build/bicycle_control/share/bicycle_control/hook/pythonpath_develop.ps1'
[1.329s] INFO:colcon.colcon_core.shell:Creating environment descriptor '/home/mizo/Engineering/ARL/Control_Task/Control_Project/build/bicycle_control/share/bicycle_control/hook/pythonpath_develop.dsv'
[1.330s] DEBUG:colcon.colcon_core.event_handler.log_command:Invoked command in '/home/mizo/Engineering/ARL/Control_Task/Control_Project/build/bicycle_control' returned '0': PYTHONPATH=/home/mizo/Engineering/ARL/Control_Task/Control_Project/build/bicycle_control/prefix_override:/usr/lib/python3/dist-packages/colcon_core/task/python/colcon_distutils_commands:/home/mizo/Engineering/ARL/Control_Task/Control_Project/install/bicycle_control/lib/python3.10/site-packages:${PYTHONPATH} /usr/bin/python3 -W ignore:setup.py install is deprecated -W ignore:easy_install command is deprecated setup.py develop --editable --build-directory /home/mizo/Engineering/ARL/Control_Task/Control_Project/build/bicycle_control/build --no-deps symlink_data
[1.330s] INFO:colcon.colcon_core.shell:Creating environment hook '/home/mizo/Engineering/ARL/Control_Task/Control_Project/build/bicycle_control/share/bicycle_control/hook/pythonpath_develop.sh'
[1.330s] Level 1:colcon.colcon_core.environment:checking '/home/mizo/Engineering/ARL/Control_Task/Control_Project/install/bicycle_control' for CMake module files
[1.330s] Level 1:colcon.colcon_core.environment:checking '/home/mizo/Engineering/ARL/Control_Task/Control_Project/install/bicycle_control' for CMake config files
[1.331s] Level 1:colcon.colcon_core.environment:checking '/home/mizo/Engineering/ARL/Control_Task/Control_Project/install/bicycle_control/lib'
[1.331s] Level 1:colcon.colcon_core.environment:checking '/home/mizo/Engineering/ARL/Control_Task/Control_Project/install/bicycle_control/bin'
[1.331s] Level 1:colcon.colcon_core.environment:checking '/home/mizo/Engineering/ARL/Control_Task/Control_Project/install/bicycle_control/lib/pkgconfig/bicycle_control.pc'
[1.331s] Level 1:colcon.colcon_core.environment:checking '/home/mizo/Engineering/ARL/Control_Task/Control_Project/install/bicycle_control/lib/python3.10/site-packages'
[1.331s] Level 1:colcon.colcon_core.shell:create_environment_hook('bicycle_control', 'pythonpath')
[1.331s] INFO:colcon.colcon_core.shell:Creating environment hook '/home/mizo/Engineering/ARL/Control_Task/Control_Project/install/bicycle_control/share/bicycle_control/hook/pythonpath.ps1'
[1.331s] INFO:colcon.colcon_core.shell:Creating environment descriptor '/home/mizo/Engineering/ARL/Control_Task/Control_Project/install/bicycle_control/share/bicycle_control/hook/pythonpath.dsv'
[1.331s] INFO:colcon.colcon_core.shell:Creating environment hook '/home/mizo/Engineering/ARL/Control_Task/Control_Project/install/bicycle_control/share/bicycle_control/hook/pythonpath.sh'
[1.332s] Level 1:colcon.colcon_core.environment:checking '/home/mizo/Engineering/ARL/Control_Task/Control_Project/install/bicycle_control/bin'
[1.332s] Level 1:colcon.colcon_core.environment:create_environment_scripts_only(bicycle_control)
[1.332s] INFO:colcon.colcon_core.shell:Creating package script '/home/mizo/Engineering/ARL/Control_Task/Control_Project/install/bicycle_control/share/bicycle_control/package.ps1'
[1.332s] INFO:colcon.colcon_core.shell:Creating package descriptor '/home/mizo/Engineering/ARL/Control_Task/Control_Project/install/bicycle_control/share/bicycle_control/package.dsv'
[1.333s] INFO:colcon.colcon_core.shell:Creating package script '/home/mizo/Engineering/ARL/Control_Task/Control_Project/install/bicycle_control/share/bicycle_control/package.sh'
[1.333s] INFO:colcon.colcon_core.shell:Creating package script '/home/mizo/Engineering/ARL/Control_Task/Control_Project/install/bicycle_control/share/bicycle_control/package.bash'
[1.333s] INFO:colcon.colcon_core.shell:Creating package script '/home/mizo/Engineering/ARL/Control_Task/Control_Project/install/bicycle_control/share/bicycle_control/package.zsh'
[1.333s] Level 1:colcon.colcon_core.environment:create_file_with_runtime_dependencies(/home/mizo/Engineering/ARL/Control_Task/Control_Project/install/bicycle_control/share/colcon-core/packages/bicycle_control)
[1.333s] INFO:colcon.colcon_ros.task.ament_python.build:Building ROS package in '/home/mizo/Engineering/ARL/Control_Task/Control_Project/bicycle_sim' with build type 'ament_python'
[1.333s] Level 1:colcon.colcon_core.shell:create_environment_hook('bicycle_sim', 'ament_prefix_path')
[1.334s] INFO:colcon.colcon_core.shell:Creating environment hook '/home/mizo/Engineering/ARL/Control_Task/Control_Project/install/bicycle_sim/share/bicycle_sim/hook/ament_prefix_path.ps1'
[1.334s] INFO:colcon.colcon_core.shell:Creating environment descriptor '/home/mizo/Engineering/ARL/Control_Task/Control_Project/install/bicycle_sim/share/bicycle_sim/hook/ament_prefix_path.dsv'
[1.334s] INFO:colcon.colcon_core.shell:Creating environment hook '/home/mizo/Engineering/ARL/Control_Task/Control_Project/install/bicycle_sim/share/bicycle_sim/hook/ament_prefix_path.sh'
[1.335s] INFO:colcon.colcon_core.shell:Skip shell extension 'powershell' for command environment: Not usable outside of PowerShell
[1.335s] DEBUG:colcon.colcon_core.shell:Skip shell extension 'dsv' for command environment
[1.485s] INFO:colcon.colcon_core.task.python.build:Building Python package in '/home/mizo/Engineering/ARL/Control_Task/Control_Project/bicycle_sim'
[1.485s] INFO:colcon.colcon_core.shell:Skip shell extension 'powershell' for command environment: Not usable outside of PowerShell
[1.485s] DEBUG:colcon.colcon_core.shell:Skip shell extension 'dsv' for command environment
[1.680s] DEBUG:colcon.colcon_core.task.python.build:Available setuptools commands: install, check, bdist, build, alias, bdist_rpm, install_headers, build_clib, register, install_data, bdist_dumb, saveopts, build_scripts, upload, build_py, symlink_data, rotate, easy_install, bdist_egg, setopt, clean, upload_docs, test, dist_info, develop, egg_info, install_scripts, install_egg_info, sdist, build_ext, install_lib
[1.835s] DEBUG:colcon.colcon_core.task.python.build:Available setuptools 'develop' options: --help, --allow-hosts, --force-installation-into-system-dir, --version, --dry-run, --no-user-cfg, --quiet, --optimize, --script-dir, --no-find-links, --exclude-scripts, --uninstall, --always-copy, --site-dirs, --editable, --no-deps, --egg-path, --record, --local-snapshots-ok, --always-unzip, --multi-version, --install-layout, --find-links, --install-dir, --user, --upgrade, --prefix, --verbose, --build-directory, --index-url, --zip-ok
[1.837s] DEBUG:colcon.colcon_core.event_handler.log_command:Invoking command in '/home/mizo/Engineering/ARL/Control_Task/Control_Project/build/bicycle_sim': AMENT_PREFIX_PATH=/home/mizo/Engineering/ARL/Control_Task/Control_Project/install/track_environment:/home/mizo/Engineering/ARL/Control_Task/Control_Project/install/bicycle_sim:/home/mizo/Engineering/ARL/Control_Task/Control_Project/install/bicycle_control:/home/mizo/ROS2_Challenge/install/my_py_pkg:/opt/ros/humble PYTHONPATH=/home/mizo/Engineering/ARL/Control_Task/Control_Project/build/bicycle_sim/prefix_override:/usr/lib/python3/dist-packages/colcon_core/task/python/colcon_distutils_commands:/home/mizo/Engineering/ARL/Control_Task/Control_Project/install/bicycle_sim/lib/python3.10/site-packages:/home/mizo/Engineering/ARL/Control_Task/Control_Project/build/track_environment:/home/mizo/Engineering/ARL/Control_Task/Control_Project/install/track_environment/lib/python3.10/site-packages:/home/mizo/Engineering/ARL/Control_Task/Control_Project/build/bicycle_sim:/home/mizo/Engineering/ARL/Control_Task/Control_Project/install/bicycle_sim/lib/python3.10/site-packages:/home/mizo/Engineering/ARL/Control_Task/Control_Project/build/bicycle_control:/home/mizo/Engineering/ARL/Control_Task/Control_Project/install/bicycle_control/lib/python3.10/site-packages:/home/mizo/ROS2_Challenge/build/my_py_pkg:/home/mizo/ROS2_Challenge/install/my_py_pkg/lib/python3.10/site-packages:/opt/ros/humble/lib/python3.10/site-packages:/opt/ros/humble/local/lib/python3.10/dist-packages /usr/bin/python3 -W ignore:setup.py install is deprecated -W ignore:easy_install command is deprecated setup.py develop --editable --build-directory /home/mizo/Engineering/ARL/Control_Task/Control_Project/build/bicycle_sim/build --no-deps symlink_data
[2.096s] Level 1:colcon.colcon_core.shell:create_environment_hook('bicycle_sim', 'pythonpath_develop')
[2.097s] INFO:colcon.colcon_core.shell:Creating environment hook '/home/mizo/Engineering/ARL/Control_Task/Control_Project/build/bicycle_sim/share/bicycle_sim/hook/pythonpath_develop.ps1'
[2.098s] DEBUG:colcon.colcon_core.event_handler.log_command:Invoked command in '/home/mizo/Engineering/ARL/Control_Task/Control_Project/build/bicycle_sim' returned '0': AMENT_PREFIX_PATH=/home/mizo/Engineering/ARL/Control_Task/Control_Project/install/track_environment:/home/mizo/Engineering/ARL/Control_Task/Control_Project/install/bicycle_sim:/home/mizo/Engineering/ARL/Control_Task/Control_Project/install/bicycle_control:/home/mizo/ROS2_Challenge/install/my_py_pkg:/opt/ros/humble PYTHONPATH=/home/mizo/Engineering/ARL/Control_Task/Control_Project/build/bicycle_sim/prefix_override:/usr/lib/python3/dist-packages/colcon_core/task/python/colcon_distutils_commands:/home/mizo/Engineering/ARL/Control_Task/Control_Project/install/bicycle_sim/lib/python3.10/site-packages:/home/mizo/Engineering/ARL/Control_Task/Control_Project/build/track_environment:/home/mizo/Engineering/ARL/Control_Task/Control_Project/install/track_environment/lib/python3.10/site-packages:/home/mizo/Engineering/ARL/Control_Task/Control_Project/build/bicycle_sim:/home/mizo/Engineering/ARL/Control_Task/Control_Project/install/bicycle_sim/lib/python3.10/site-packages:/home/mizo/Engineering/ARL/Control_Task/Control_Project/build/bicycle_control:/home/mizo/Engineering/ARL/Control_Task/Control_Project/install/bicycle_control/lib/python3.10/site-packages:/home/mizo/ROS2_Challenge/build/my_py_pkg:/home/mizo/ROS2_Challenge/install/my_py_pkg/lib/python3.10/site-packages:/opt/ros/humble/lib/python3.10/site-packages:/opt/ros/humble/local/lib/python3.10/dist-packages /usr/bin/python3 -W ignore:setup.py install is deprecated -W ignore:easy_install command is deprecated setup.py develop --editable --build-directory /home/mizo/Engineering/ARL/Control_Task/Control_Project/build/bicycle_sim/build --no-deps symlink_data
[2.098s] INFO:colcon.colcon_core.shell:Creating environment descriptor '/home/mizo/Engineering/ARL/Control_Task/Control_Project/build/bicycle_sim/share/bicycle_sim/hook/pythonpath_develop.dsv'
[2.098s] INFO:colcon.colcon_core.shell:Creating environment hook '/home/mizo/Engineering/ARL/Control_Task/Control_Project/build/bicycle_sim/share/bicycle_sim/hook/pythonpath_develop.sh'
[2.098s] Level 1:colcon.colcon_core.environment:checking '/home/mizo/Engineering/ARL/Control_Task/Control_Project/install/bicycle_sim' for CMake module files
[2.099s] Level 1:colcon.colcon_core.environment:checking '/home/mizo/Engineering/ARL/Control_Task/Control_Project/install/bicycle_sim' for CMake config files
[2.099s] Level 1:colcon.colcon_core.environment:checking '/home/mizo/Engineering/ARL/Control_Task/Control_Project/install/bicycle_sim/lib'
[2.099s] Level 1:colcon.colcon_core.environment:checking '/home/mizo/Engineering/ARL/Control_Task/Control_Project/install/bicycle_sim/bin'
[2.099s] Level 1:colcon.colcon_core.environment:checking '/home/mizo/Engineering/ARL/Control_Task/Control_Project/install/bicycle_sim/lib/pkgconfig/bicycle_sim.pc'
[2.099s] Level 1:colcon.colcon_core.environment:checking '/home/mizo/Engineering/ARL/Control_Task/Control_Project/install/bicycle_sim/lib/python3.10/site-packages'
[2.099s] Level 1:colcon.colcon_core.shell:create_environment_hook('bicycle_sim', 'pythonpath')
[2.099s] INFO:colcon.colcon_core.shell:Creating environment hook '/home/mizo/Engineering/ARL/Control_Task/Control_Project/install/bicycle_sim/share/bicycle_sim/hook/pythonpath.ps1'
[2.099s] INFO:colcon.colcon_core.shell:Creating environment descriptor '/home/mizo/Engineering/ARL/Control_Task/Control_Project/install/bicycle_sim/share/bicycle_sim/hook/pythonpath.dsv'
[2.100s] INFO:colcon.colcon_core.shell:Creating environment hook '/home/mizo/Engineering/ARL/Control_Task/Control_Project/install/bicycle_sim/share/bicycle_sim/hook/pythonpath.sh'
[2.100s] Level 1:colcon.colcon_core.environment:checking '/home/mizo/Engineering/ARL/Control_Task/Control_Project/install/bicycle_sim/bin'
[2.100s] Level 1:colcon.colcon_core.environment:create_environment_scripts_only(bicycle_sim)
[2.100s] INFO:colcon.colcon_core.shell:Creating package script '/home/mizo/Engineering/ARL/Control_Task/Control_Project/install/bicycle_sim/share/bicycle_sim/package.ps1'
[2.101s] INFO:colcon.colcon_core.shell:Creating package descriptor '/home/mizo/Engineering/ARL/Control_Task/Control_Project/install/bicycle_sim/share/bicycle_sim/package.dsv'
[2.101s] INFO:colcon.colcon_core.shell:Creating package script '/home/mizo/Engineering/ARL/Control_Task/Control_Project/install/bicycle_sim/share/bicycle_sim/package.sh'
[2.101s] INFO:colcon.colcon_core.shell:Creating package script '/home/mizo/Engineering/ARL/Control_Task/Control_Project/install/bicycle_sim/share/bicycle_sim/package.bash'
[2.101s] INFO:colcon.colcon_core.shell:Creating package script '/home/mizo/Engineering/ARL/Control_Task/Control_Project/install/bicycle_sim/share/bicycle_sim/package.zsh'
[2.102s] Level 1:colcon.colcon_core.environment:create_file_with_runtime_dependencies(/home/mizo/Engineering/ARL/Control_Task/Control_Project/install/bicycle_sim/share/colcon-core/packages/bicycle_sim)
[2.102s] DEBUG:colcon.colcon_parallel_executor.executor.parallel:closing loop
[2.102s] DEBUG:colcon.colcon_parallel_executor.executor.parallel:loop closed
[2.102s] DEBUG:colcon.colcon_parallel_executor.executor.parallel:run_until_complete finished with '0'
[2.102s] DEBUG:colcon.colcon_core.event_reactor:joining thread
[2.108s] INFO:colcon.colcon_core.plugin_system:Skipping extension 'colcon_notification.desktop_notification.terminal_notifier': Not used on non-Darwin systems
[2.108s] INFO:colcon.colcon_core.plugin_system:Skipping extension 'colcon_notification.desktop_notification.win32': Not used on non-Windows systems
[2.108s] INFO:colcon.colcon_notification.desktop_notification:Sending desktop notification using 'notify2'
[2.124s] DEBUG:colcon.colcon_core.event_reactor:joined thread
[2.125s] INFO:colcon.colcon_core.shell:Creating prefix script '/home/mizo/Engineering/ARL/Control_Task/Control_Project/install/local_setup.ps1'
[2.126s] INFO:colcon.colcon_core.shell:Creating prefix util module '/home/mizo/Engineering/ARL/Control_Task/Control_Project/install/_local_setup_util_ps1.py'
[2.127s] INFO:colcon.colcon_core.shell:Creating prefix chain script '/home/mizo/Engineering/ARL/Control_Task/Control_Project/install/setup.ps1'
[2.129s] INFO:colcon.colcon_core.shell:Creating prefix script '/home/mizo/Engineering/ARL/Control_Task/Control_Project/install/local_setup.sh'
[2.130s] INFO:colcon.colcon_core.shell:Creating prefix util module '/home/mizo/Engineering/ARL/Control_Task/Control_Project/install/_local_setup_util_sh.py'
[2.130s] INFO:colcon.colcon_core.shell:Creating prefix chain script '/home/mizo/Engineering/ARL/Control_Task/Control_Project/install/setup.sh'
[2.132s] INFO:colcon.colcon_core.shell:Creating prefix script '/home/mizo/Engineering/ARL/Control_Task/Control_Project/install/local_setup.bash'
[2.133s] INFO:colcon.colcon_core.shell:Creating prefix chain script '/home/mizo/Engineering/ARL/Control_Task/Control_Project/install/setup.bash'
[2.134s] INFO:colcon.colcon_core.shell:Creating prefix script '/home/mizo/Engineering/ARL/Control_Task/Control_Project/install/local_setup.zsh'
[2.135s] INFO:colcon.colcon_core.shell:Creating prefix chain script '/home/mizo/Engineering/ARL/Control_Task/Control_Project/install/setup.zsh'
