[0.694s] Invoking command in '/home/mizo/Engineering/ARL/Control_Task/Control_Project/build/bicycle_control': PYTHONPATH=/home/mizo/Engineering/ARL/Control_Task/Control_Project/build/bicycle_control/prefix_override:/usr/lib/python3/dist-packages/colcon_core/task/python/colcon_distutils_commands:/home/mizo/Engineering/ARL/Control_Task/Control_Project/install/bicycle_control/lib/python3.10/site-packages:${PYTHONPATH} /usr/bin/python3 -W ignore:setup.py install is deprecated -W ignore:easy_install command is deprecated setup.py develop --editable --build-directory /home/mizo/Engineering/ARL/Control_Task/Control_Project/build/bicycle_control/build --no-deps symlink_data
[0.850s] running develop
[0.930s] running egg_info
[0.930s] creating bicycle_control.egg-info
[0.930s] writing bicycle_control.egg-info/PKG-INFO
[0.931s] writing dependency_links to bicycle_control.egg-info/dependency_links.txt
[0.931s] writing entry points to bicycle_control.egg-info/entry_points.txt
[0.931s] writing requirements to bicycle_control.egg-info/requires.txt
[0.931s] writing top-level names to bicycle_control.egg-info/top_level.txt
[0.931s] writing manifest file 'bicycle_control.egg-info/SOURCES.txt'
[0.932s] reading manifest file 'bicycle_control.egg-info/SOURCES.txt'
[0.933s] writing manifest file 'bicycle_control.egg-info/SOURCES.txt'
[0.933s] running build_ext
[0.934s] Creating /home/mizo/Engineering/ARL/Control_Task/Control_Project/install/bicycle_control/lib/python3.10/site-packages/bicycle-control.egg-link (link to .)
[0.934s] Installing controller script to /home/mizo/Engineering/ARL/Control_Task/Control_Project/install/bicycle_control/lib/bicycle_control
[0.934s] Installing teleop_bridge script to /home/mizo/Engineering/ARL/Control_Task/Control_Project/install/bicycle_control/lib/bicycle_control
[0.935s] 
[0.935s] Installed /home/mizo/Engineering/ARL/Control_Task/Control_Project/build/bicycle_control
[0.935s] running symlink_data
[0.935s] creating /home/mizo/Engineering/ARL/Control_Task/Control_Project/install/bicycle_control/share/ament_index
[0.935s] creating /home/mizo/Engineering/ARL/Control_Task/Control_Project/install/bicycle_control/share/ament_index/resource_index
[0.935s] creating /home/mizo/Engineering/ARL/Control_Task/Control_Project/install/bicycle_control/share/ament_index/resource_index/packages
[0.935s] symbolically linking /home/mizo/Engineering/ARL/Control_Task/Control_Project/build/bicycle_control/resource/bicycle_control -> /home/mizo/Engineering/ARL/Control_Task/Control_Project/install/bicycle_control/share/ament_index/resource_index/packages
[0.935s] symbolically linking /home/mizo/Engineering/ARL/Control_Task/Control_Project/build/bicycle_control/package.xml -> /home/mizo/Engineering/ARL/Control_Task/Control_Project/install/bicycle_control/share/bicycle_control
[0.959s] Invoked command in '/home/mizo/Engineering/ARL/Control_Task/Control_Project/build/bicycle_control' returned '0': PYTHONPATH=/home/mizo/Engineering/ARL/Control_Task/Control_Project/build/bicycle_control/prefix_override:/usr/lib/python3/dist-packages/colcon_core/task/python/colcon_distutils_commands:/home/mizo/Engineering/ARL/Control_Task/Control_Project/install/bicycle_control/lib/python3.10/site-packages:${PYTHONPATH} /usr/bin/python3 -W ignore:setup.py install is deprecated -W ignore:easy_install command is deprecated setup.py develop --editable --build-directory /home/mizo/Engineering/ARL/Control_Task/Control_Project/build/bicycle_control/build --no-deps symlink_data
