[0.694s] Invoking command in '/home/mizo/Engineering/ARL/Control_Task/Control_Project/build/track_environment': PYTHONPATH=/home/mizo/Engineering/ARL/Control_Task/Control_Project/build/track_environment/prefix_override:/usr/lib/python3/dist-packages/colcon_core/task/python/colcon_distutils_commands:/home/mizo/Engineering/ARL/Control_Task/Control_Project/install/track_environment/lib/python3.10/site-packages:${PYTHONPATH} /usr/bin/python3 -W ignore:setup.py install is deprecated -W ignore:easy_install command is deprecated setup.py develop --editable --build-directory /home/mizo/Engineering/ARL/Control_Task/Control_Project/build/track_environment/build --no-deps symlink_data
[0.860s] running develop
[0.941s] running egg_info
[0.941s] creating track_environment.egg-info
[0.941s] writing track_environment.egg-info/PKG-INFO
[0.941s] writing dependency_links to track_environment.egg-info/dependency_links.txt
[0.941s] writing entry points to track_environment.egg-info/entry_points.txt
[0.941s] writing requirements to track_environment.egg-info/requires.txt
[0.942s] writing top-level names to track_environment.egg-info/top_level.txt
[0.942s] writing manifest file 'track_environment.egg-info/SOURCES.txt'
[0.942s] reading manifest file 'track_environment.egg-info/SOURCES.txt'
[0.943s] writing manifest file 'track_environment.egg-info/SOURCES.txt'
[0.944s] running build_ext
[0.944s] Creating /home/mizo/Engineering/ARL/Control_Task/Control_Project/install/track_environment/lib/python3.10/site-packages/track-environment.egg-link (link to .)
[0.944s] Installing lap_analyzer script to /home/mizo/Engineering/ARL/Control_Task/Control_Project/install/track_environment/lib/track_environment
[0.944s] Installing path_gen script to /home/mizo/Engineering/ARL/Control_Task/Control_Project/install/track_environment/lib/track_environment
[0.945s] 
[0.945s] Installed /home/mizo/Engineering/ARL/Control_Task/Control_Project/build/track_environment
[0.945s] running symlink_data
[0.945s] creating /home/mizo/Engineering/ARL/Control_Task/Control_Project/install/track_environment/share/ament_index
[0.945s] creating /home/mizo/Engineering/ARL/Control_Task/Control_Project/install/track_environment/share/ament_index/resource_index
[0.945s] creating /home/mizo/Engineering/ARL/Control_Task/Control_Project/install/track_environment/share/ament_index/resource_index/packages
[0.945s] symbolically linking /home/mizo/Engineering/ARL/Control_Task/Control_Project/build/track_environment/resource/track_environment -> /home/mizo/Engineering/ARL/Control_Task/Control_Project/install/track_environment/share/ament_index/resource_index/packages
[0.945s] symbolically linking /home/mizo/Engineering/ARL/Control_Task/Control_Project/build/track_environment/package.xml -> /home/mizo/Engineering/ARL/Control_Task/Control_Project/install/track_environment/share/track_environment
[0.946s] creating /home/mizo/Engineering/ARL/Control_Task/Control_Project/install/track_environment/share/track_environment/tracks
[0.946s] symbolically linking /home/mizo/Engineering/ARL/Control_Task/Control_Project/build/track_environment/tracks/random_track0.csv -> /home/mizo/Engineering/ARL/Control_Task/Control_Project/install/track_environment/share/track_environment/tracks
[0.946s] symbolically linking /home/mizo/Engineering/ARL/Control_Task/Control_Project/build/track_environment/tracks/centerline_0.csv -> /home/mizo/Engineering/ARL/Control_Task/Control_Project/install/track_environment/share/track_environment/tracks
[0.978s] Invoked command in '/home/mizo/Engineering/ARL/Control_Task/Control_Project/build/track_environment' returned '0': PYTHONPATH=/home/mizo/Engineering/ARL/Control_Task/Control_Project/build/track_environment/prefix_override:/usr/lib/python3/dist-packages/colcon_core/task/python/colcon_distutils_commands:/home/mizo/Engineering/ARL/Control_Task/Control_Project/install/track_environment/lib/python3.10/site-packages:${PYTHONPATH} /usr/bin/python3 -W ignore:setup.py install is deprecated -W ignore:easy_install command is deprecated setup.py develop --editable --build-directory /home/mizo/Engineering/ARL/Control_Task/Control_Project/build/track_environment/build --no-deps symlink_data
